../Core/Src/main.c:106:6:check_button	32	static
../Core/Src/main.c:128:6:update_rgb_led	24	static
../Core/Src/main.c:191:6:update_system_state	24	static
../Core/Src/main.c:208:7:my_map	32	static
../Core/Src/main.c:212:6:HAL_ADC_ConvCpltCallback	16	static
../Core/Src/main.c:223:5:main	16	static
../Core/Src/main.c:295:6:SystemClock_Config	112	static
../Core/Src/main.c:346:13:MX_ADC_Init	16	static
../Core/Src/main.c:403:13:MX_LPUART1_UART_Init	8	static
../Core/Src/main.c:435:13:MX_DMA_Init	16	static
../Core/Src/main.c:453:13:MX_GPIO_Init	48	static
../Core/Src/main.c:495:6:Error_Handler	8	static,ignoring_inline_asm
